the
,
.
of
to
and
in
a
"
's
for
that
on
is
was
said
with
he
as
it
by
at
from
his
an
be
has
are
have
but
were
not
this
who
they
had
i
which
will
their
:
or
its
one
after
new
been
also
we
would
two
more
'
first
about
up
when
year
there
all
out
she
other
people
her
percent
than
over
into
last
some
government
time
you
years
if
no
world
can
three
do
;
president
only
state
million
could
us
most
_
against
u.s.
so
them
what
him
united
during
before
may
since
many
while
where
states
because
now
city
made
like
between
did
just
national
day
country
under
such
second
then
company
group
any
through
china
four
being
down
war
back
off
south
american
minister
police
well
including
team
international
week
officials
still
both
even
high
part
told
those
end
former
these
make
billion
work
our
home
school
party
house
old
later
get
another
tuesday
news
long
five
called
1
wednesday
military
way
used
much
next
monday
thursday
friday
game
here
should
take
very
my
north
security
season
york
how
public
early
according
several
court
say
around
foreign
10
until
set
political
says
market
however
family
life
same
general
left
good
top
university
going
number
major
known
points
won
six
month
dollars
bank
2
iraq
use
members
each
area
found
official
sunday
place
go
based
among
third
times
took
right
days
local
economic
countries
see
best
report
killed
held
business
west
does
own
came
law
months
women
're
power
think
service
children
bush
show
help
chief
saturday
system
john
support
series
play
office
following
me
meeting
expected
late
washington
league
reported
final
without
british
white
history
man
men
became
want
march
case
few
run
money
began
open
name
trade
center
3
israel
oil
too
al
film
win
led
east
central
20
air
come
town
leader
army
line
never
little
played
prime
death
companies
least
put
forces
past
de
half
june
saying
know
federal
french
peace
earlier
capital
force
great
union
near
released
small
department
every
health
japan
head
ago
night
big
election
region
director
talks
program
today
statement
july
although
district
again
born
development
leaders
council
close
record
along
county
went
point
must
spokesman
your
member
plan
financial
april
recent
campaign
become
troops
whether
lost
music
15
got
israeli
30
need
4
lead
already
though
might
free
hit
rights
11
information
away
12
5
others
control
within
large
press
agency
water
died
career
making
...
side
seven
better
september
clinton
main
committee
building
conference
club
january
decision
stock
america
given
give
often
announced
television
industry
order
young
've
age
start
administration
russian
prices
december
nations
'm
human
defense
asked
october
bill
important
southern
move
fire
population
rose
november
include
further
nuclear
street
taken
media
different
issue
received
secretary
return
college
working
community
eight
groups
despite
largest
whose
attacks
germany
august
change
church
nation
german
station
london
weeks
having
18
research
black
services
story
6
europe
sales
policy
visit
northern
lot
across
per
current
board
workers
vote
book
fell
seen
role
students
iran
process
agreement
full
started
growth
yet
moved
possible
western
special
100
plans
interest
behind
strong
england
named
food
period
real
authorities
car
term
race
nearly
korea
enough
site
opposition
keep
25
call
future
taking
island
road
outside
really
century
democratic
almost
single
share
leading
trying
senior
minutes
together
congress
index
australia
hard
hours
land
action
higher
field
cut
coach
elections
san
issues
executive
february
production
areas
river
face
using
japanese
park
price
commission
california
father
son
education
7
village
shot
short
africa
key
red
association
average
exchange
eu
something
gave
likely
george
victory
8
low
pakistan
14
post
social
continue
ever
look
chairman
job
soldiers
able
parliament
front
himself
problems
private
lower
list
built
13
efforts
dollar
miles
included
radio
live
david
african
increase
reports
sent
fourth
always
king
50
tax
britain
16
playing
title
middle
meet
global
wife
clear
ahead
iraqi
english
result
release
violence
goal
project
closed
border
body
soon
crisis
served
hospital
test
u.n.
inc.
technology
believe
organization
published
weapons
agreed
why
nine
summer
wanted
republican
act
recently
texas
course
problem
senate
medical
done
reached
star
continued
living
care
signed
17
art
provide
worked
presidential
gold
morning
dead
opened
'll
previous
cost
instead
canada
band
daily
available
drug
investment
michael
civil
woman
training
appeared
9
involved
indian
similar
situation
24
los
fighting
mark
40
trial
hold
thought
!
study
fall
mother
met
relations
anti
song
popular
base
tv
ii
newspaper
staff
hope
operations
pressure
americans
eastern
st.
budget
returned
considered
love
wrote
stop
fight
currently
charges
try
aid
ended
management
brought
cases
decided
failed
network
works
gas
turned
fact
vice
mexico
trading
especially
reporters
afghanistan
looking
space
rates
manager
loss
justice
james
fund
republic
opening
accused
winning
championship
example
getting
biggest
performance
1998
let
schools
means
leave
no.
robert
personal
showed
light
arrested
person
either
offer
majority
battle
19
class
evidence
society
products
regional
needed
stage
am
doing
families
sold
independent
airport
paul
judge
room
followed
original
angeles
`
comes
sea
bring
annual
officer
beijing
remain
nato
22
remains
allow
florida
computer
21
contract
coast
created
demand
events
beat
analysts
interview
helped
child
probably
spent
asian
effort
shows
calls
investigation
lives
video
runs
tried
bad
described
toward
written
throughout
established
associated
buy
growing
green
forward
poor
latest
banks
question
prison
feel
attention
themselves
injured
governor
movie
range
cross
programs
forced
includes
wall
rebels
income
corp.
elected
23
adding
species
wants
finished
rise
killing
spain
joined
italian
language
rest
serious
paris
officers
inside
scheduled
immediately
increased
brown
remained
parts
success
changes
la
residents
meanwhile
hall
believed
olympic
deputy
heart
award
planned
version
grand
institute
democrats
rule
labor
above
summit
sometimes
addition
raised
william
26
longer
terms
ruling
joint
ball
beginning
sure
28
worth
charge
korean
begin
arab
27
friends
anything
atlanta
caused
sources
issued
armed
cents
funds
claimed
heavy
noted
parents
spending
related
offered
particularly
whole
60
authority
risk
matter
science
access
boston
conditions
details
coalition
lee
break
turkey
daughter
museum
strike
style
paid
rock
view
spanish
royal
travel
takes
smith
chicago
arrived
hundreds
'd
hour
developed
jones
potential
idea
thomas
professional
domestic
credit
changed
married
co.
p.m.
source
weekend
finance
cities
blue
richard
starting
plant
build
designed
certain
voters
fans
commercial
bid
constitution
dropped
brother
canadian
drive
affairs
unit
questions
bomb
religious
figures
victims
condition
activities
leaving
experience
attorney
standard
proposed
intelligence
hotel
finally
magazine
whom
experts
moving
quoted
feet
candidate
fifth
highest
lake
employees
pacific
31
flight
design
passed
bay
date
letter
1992
charged
29
phone
figure
attempt
claims
below
200
industrial
estimated
traditional
size
practice
cars
pass
professor
student
refused
sector
homes
disease
terrorism
speech
peter
reform
ordered
successful
arms
charles
limited
material
trip
paper
threat
seeking
concern
confirmed
plane
route
completed
jewish
williams
hill
comment
ireland
johnson
mayor
husband
mass
lines
premier
soviet
couple
complete
non
mail
crime
moscow
brazil
dr.
stand
formed
seems
felt
separate
amid
stadium
speaking
hopes
leadership
emergency
declined
treatment
cabinet
tell
straight
tokyo
winner
session
projects
appointed
christian
politics
studies
sense
plays
holding
500
regular
required
lawyer
debt
guard
wounded
candidates
assembly
expressed
character
pro
fuel
martin
supreme
broke
everyone
equipment
additional
sept.
denied
features
levels
approved
port
status
primary
amount
debate
model
decades
places
individual
festival
previously
join
w.
insurance
goes
impact
urged
heard
placed
illegal
fired
damage
responsible
message
baseball
true
originally
prevent
filed
captain
entire
supporters
blood
housing
valley
product
conservative
van
proposal
protection
read
foundation
el
search
names
train
discuss
perhaps
journal
raise
murder
address
operating
olympics
settlement
nearby
cash
alone
laws
target
lack
twice
beach
songs
scene
communist
afternoon
necessary
navy
sound
protect
missing
criminal
selling
beyond
francisco
section
knew
gone
powerful
account
votes
georgia
god
commander
catholic
writer
awards
anyone
send
claim
suffered
alleged
alliance
declared
type
planning
protest
suggested
sale
headquarters
improve
consider
stars
citizens
attended
currency
appeal
vietnam
lived
happened
thus
floor
largely
developing
approach
films
historic
businesses
gained
tough
inflation
telephone
moment
winter
suspected
drugs
debut
boy
arrest
mountain
store
famous
tom
patients
70
carry
weather
thailand
finish
hot
lebanon
seat
spread
aimed
freedom
medal
bridge
representatives
saudi
co
80
cancer
writing
appear
revenue
receive
score
fear
ability
crimes
retired
customers
sun
gulf
gets
virginia
corporate
academy
survey
choice
hearing
35
directed
native
assistant
arts
crowd
complex
quite
poland
entered
dutch
responsibility
crew
fine
pounds
environmental
organizations
jersey
mean
serving
cultural
ten
seemed
yards
ask
voice
degree
author
watch
lawyers
ice
legislation
collection
listed
critics
rejected
rich
influence
ruled
stations
shooting
streets
evening
sex
grew
bodies
policies
rival
girl
happy
save
jackson
wing
identified
larger
article
seek
bombing
managed
re
standing
doctors
earned
rural
fellow
bought
contributed
owner
secret
treaty
launch
cast
a.m.
highly
basketball
performed
develop
fair
interior
henry
prepared
wrong
widely
serb
looked
spokeswoman
committed
rally
supported
ambassador
spoke
ensure
note
headed
documents
follow
bosnia
super
45
stopped
carolina
directly
continues
earth
activity
polls
louis
picture
backed
irish
interests
refugees
sen.
initially
spot
bond
embassy
agencies
request
trust
ceremony
300
occurred
shortly
iranian
bob
diplomatic
cold
signs
struck
discovered
airlines
penalty
transport
follows
maybe
appearance
highway
millions
90
door
threatened
silver
scott
rescue
apparently
showing
failure
talking
specific
fresh
sixth
understand
panel
r
items
benefits
kill
communications
broadcast
faces
protests
presented
setting
driver
capacity
fed
box
65
stores
deaths
davis
boost
producer
comments
goods
ford
ending
bonds
orders
destroyed
bosnian
brothers
roman
conducted
image
accident
criticism
mary
block
c.
heat
agent
d
joseph
actions
massive
structure
normal
warning
convention
southeast
plants
respect
approval
heads
farm
pennsylvania
1988
bowl
ohio
mr.
reasons
houston
novel
sister
extra
crash
voted
basic
recovery
steps
covered
jerusalem
jim
kim
actor
gun
intended
spend
technical
numerous
loans
consumers
syria
opposed
effective
argentina
promised
hits
location
acting
individuals
audience
captured
clearly
faced
queen
forest
providing
journalists
frank
combat
except
missile
j.
doctor
admitted
offices
hurt
announcement
minor
background
nor
deficit
stood
fort
engine
civilian
greece
mexican
represented
waiting
offering
organized
cell
effects
scale
prisoners
taxes
visited
artist
missed
a.
convicted
philippines
agree
strip
parliamentary
voting
attacked
musical
foot
scientists
stone
miami
reduced
fears
internal
massachusetts
liberal
guilty
strength
determined
jack
adopted
gore
reading
allies
oct.
maintain
accounts
partners
cuba
buying
mixed
allegations
leaves
philadelphia
arizona
shanghai
congressional
edge
senator
miss
upper
plot
sexual
relatively
dec.
mid
singer
library
jr.
leg
baby
communities
northwest
jan.
dark
netherlands
aids
neither
profits
pulled
historical
32
returning
theater
removed
commissioner
immigration
marketing
michigan
investigators
plus
fought
kansas
dance
suspended
loan
continuing
marine
heavily
transportation
junior
1986
thai
demands
code
believes
unable
guys
legislative
supplies
serbs
split
jail
hollywood
flights
agriculture
kennedy
rain
prominent
finding
meaning
weekly
nigeria
fields
visitors
czech
shots
closing
views
broken
enter
require
400
coverage
1987
pakistani
suspects
falling
difference
existing
criticized
improved
ships
abu
minority
nov.
decisions
lies
fighters
rare
anniversary
medicine
atlantic
die
machine
fly
jose
politicians
grant
piece
creating
learn
detroit
lord
electric
mobile
younger
involving
links
alexander
marked
statistics
honor
stake
bottom
officially
classic
jean
disaster
transfer
argued
closely
reaching
easily
pace
treasury
golden
forms
zimbabwe
jury
drew
colorado
fbi
seventh
sentence
fiscal
witnesses
count
contains
egyptian
seized
courts
1984
attempts
handed
hoped
tech
branch
miller
1980
percentage
movies
brief
clubs
sydney
columbia
export
madrid
wait
tons
soldier
provincial
taylor
wind
color
pictures
screen
edition
1985
theatre
clients
pilot
berlin
commitment
purchase
newly
dow
howard
suspect
tied
avenue
teacher
limit
opponents
detained
memorial
protesters
downtown
presidency
revolution
violent
picked
suit
ms.
connection
favor
severe
150
sharon
acknowledged
m.
empire
campus
seattle
s.
ocean
teachers
negative
doubt
reportedly
venture
drawn
testing
truck
stands
sentenced
1970s
quick
duty
mile
northeast
democrat
anonymity
posted
traded
1979
birth
industries
ex
auto
polish
reaction
establish
asking
allegedly
36
lewis
falls
conduct
manufacturing
activists
constitutional
andrew
researchers
electricity
austria
watching
snow
1983
arm
repeatedly
struggle
tree
75
schedule
wilson
surprise
stephen
sharp
resistance
santa
letters
scandal
operated
founder
recording
whatever
1982
dallas
animal
destruction
st
tourists
aug.
sir
edward
contracts
jews
favorite
extremely
hoping
memory
terrorists
treated
faith
remember
gen.
surrounding
apart
assault
eighth
fled
accord
prosecutor
southwest
cited
virus
powell
centers
truth
indeed
delivered
wood
pentagon
wearing
wine
chances
content
diego
rep.
strongly
cells
feb.
milan
arabia
brian
passenger
swedish
minnesota
begun
purpose
computers
resort
chosen
flag
naval
44
academic
trees
returns
prove
text
primarily
opera
citing
tradition
comedy
understanding
yellow
kevin
settled
grown
glass
file
shop
agricultural
link
dealers
invited
recognized
dismissed
expects
achieve
waters
manchester
buried
document
illinois
guns
actress
concluded
dream
1981
yeltsin
neighboring
bell
coup
nationwide
bangladesh
turns
legislature
hole
contained
appeals
ring
pull
tower
expert
herself
portion
pre
laid
winners
gathered
unknown
contest
manhattan
1972
brain
ad
38
worried
antonio
tehran
escape
tells
1975
1974
20th
belgium
1976
alive
reference
recession
flat
statements
1960s
widespread
37
township
unlikely
apartment
occupied
predicted
pledged
pointed
1978
ray
athletes
hair
rivals
dan
degrees
withdrawal
remove
walked
concert
appearances
rocket
lawsuit
circuit
survived
reporter
19th
discussions
mentioned
bronze
bear
venezuela
wake
solid
increases
hills
iii
dole
transferred
55
matters
diplomats
e.
hundred
futures
nice
municipal
abc
rail
rangers
regulations
nbc
chart
carlos
aviation
jump
casualties
profile
subsequently
earthquake
photo
tensions
victim
journalist
wang
perform
helicopter
formerly
watched
42
mohammed
reputation
recalled
fame
obtained
emerged
mrs.
causes
catch
fishing
inches
nomination
impossible
1968
tobacco
carter
attempted
traders
missiles
drove
controversy
allen
chamber
orange
1970
juan
roughly
envoy
biography
ahmed
harry
elizabeth
worker
patient
1973
defend
moderate
deadline
visits
reporting
dedicated
advice
anderson
shift
testimony
christopher
promoted
pushing
sam
alan
fan
b.
papers
failing
device
clark
1977
broadcasting
birds
fallen
threw
cbs
gross
dry
nobody
apple
assigned
provinces
roll
gordon
iowa
cia
blow
don
rooms
unity
eric
taught
cleveland
harvard
regarding
easier
heading
virtually
controls
meets
delayed
discovery
gov.
targeted
simon
happens
participants
institution
moon
finds
sharply
repeated
contributions
denmark
questioned
cook
capture
1969
h.
angry
barrel
39
formula
d.
1971
obviously
denver
vowed
jet
austin
manufacturers
cease
wear
dealing
tourist
formally
jumped
window
aboard
heritage
d.c.
devices
entirely
investigating
map
backing
deployed
r.
complained
patrol
interim
graduate
regularly
custody
praised
talent
tested
witness
43
rapid
cyprus
aim
prompted
remote
aggressive
trail
gop
false
tropical
creek
formation
anthony
camera
tennessee
sponsored
partly
warm
stewart
articles
oklahoma
delegates
quake
nelson
sharing
versions
monitoring
adults
600
emperor
orleans
peninsula
streak
languages
maryland
upset
preliminary
trucks
universal
exist
besides
talked
phoenix
accompanied
mental
restore
probe
declaration
delta
1964
10th
waste
blame
copies
46
indiana
hero
publishing
aides
ally
mortgage
succeeded
helps
250
l.
pan
economics
requirements
baltimore
underground
employee
drawing
gang
1960
selection
churches
f.
residence
resident
arrive
sweet
condemned
railroad
electronics
essential
handling
roger
attending
ratings
harris
desert
fat
cape
editorial
string
robinson
designated
bound
prosecution
moore
revolutionary
gasoline
telecommunications
tigers
800
kabul
1966
missouri
recognize
firing
ranks
refugee
skin
actors
bed
extreme
withdraw
p.
larry
teen
51
louisiana
financing
chair
principle
earn
gray
license
noting
outbreak
promoting
reducing
mention
hungary
feels
packed
dogs
brussels
f
1962
ranging
recommended
associate
edwards
presidents
doors
customs
atmosphere
rockets
metropolitan
senators
kentucky
walker
shell
emotional
pursue
description
nazi
calif.
starring
engineer
citizen
foreigners
walter
rio
absolutely
counties
bruce
1950s
dates
surrounded
investigate
manner
1963
survive
viewers
hunt
territories
albanian
incidents
interesting
hostages
disputed
parks
austrian
dave
circle
18th
zero
extent
1948
investigations
alcohol
stages
comfortable
saved
moments
philosophy
54
detailed
cemetery
mississippi
findings
rivers
vital
counterpart
frequent
benjamin
peru
announce
sounds
prospects
orchestra
bloc
promises
struggled
utah
shoot
error
vienna
requested
traveled
rated
singing
operates
lincoln
arrests
campbell
cambodia
innocent
argue
alabama
pact
adams
ross
broadway
drinking
stretch
aide
hampshire
ward
potentially
wisconsin
literary
birthday
affair
wealth
jacques
nasa
spoken
viewed
ads
petroleum
soul
laboratory
jan
customer
sessions
defended
runner
thinks
missions
barry
56
n.y.
renamed
manage
realize
assassination
rookie
entrance
morris
files
prospect
disappointed
counsel
castro
momentum
colonial
1949
legacy
franchise
illness
wright
depression
foster
bands
capitol
beauty
russell
violations
blues
executed
treat
exploded
engineers
albert
tea
carl
tel
considerable
stem
anybody
activist
funded
categories
exit
1950
evil
cent
canal
harder
diseases
succeed
eligible
taste
somebody
maintenance
symbol
counts
tonight
intention
riding
58
luxury
mandate
wells
1.2
temperatures
steven
overcome
summary
execution
shuttle
obtain
1956
staged
organizers
businessman
libya
hunting
brooklyn
vessel
blacks
baker
belief
wildlife
twenty
lawrence
settlers
wayne
modest
jimmy
rodriguez
demonstrators
urging
burning
auction
12th
occasionally
sick
perry
conclusion
indicate
stance
facts
objects
acted
bears
describes
oxford
elderly
copy
eating
destroy
inner
bench
ballots
sarajevo
rolling
wu
vietnamese
operator
paintings
shipping
transit
appealed
cruise
impressive
breaks
subsidiary
infected
anne
exile
terry
vulnerable
neck
hardly
1941
object
intervention
realized
alaska
polling
triggered
battles
unrest
torture
celebration
photographs
warren
lie
da
swept
parking
chrysler
greg
lt.
barbara
conspiracy
midnight
cooperate
bloody
consultant
k
violation
motors
pat
pleaded
dam
celebrate
garcia
rape
marshall
vessels
authorized
touchdown
stolen
recall
musicians
reagan
1955
addressed
detainees
lying
superior
16th
harm
1954
spots
procedure
legend
scientist
yard
colleges
nationalist
matthew
authors
pleased
strait
1939
arkansas
buffalo
testified
sporting
visible
cnn
parade
landmark
northeastern
poet
cincinnati
mainstream
germans
northwestern
jonathan
shed
ira
approached
susan
cattle
sections
practical
samuel
dominant
o
du
demonstration
sight
13th
routine
troop
conventional
killer
withdrew
truce
kitchen
regulatory
mistakes
jane
clay
bat
turner
conviction
provisions
credited
exception
69
maintaining
southeastern
composer
requests
frame
ethiopia
61
venue
defendants
fm
guidelines
rough
victor
inspection
symptoms
risen
ferry
folk
prevented
switch
l
spy
dynasty
maine
gotten
feelings
establishing
todd
grace
wore
anna
provision
historian
lucky
wider
donors
credits
hearings
tribute
produces
metro
earl
71
plunged
shirt
collins
ignored
checks
lynch
legislators
audio
hawaii
parker
flooding
illegally
shelter
stops
loose
guerrilla
mph
portland
ann
veto
bags
suburban
surrender
pack
boris
evans
ronald
diamond
donations
basically
martinez
wonderful
kremlin
hunter
sentences
deny
donated
script
silence
accusing
productions
dying
wheat
criminals
youngest
commit
belarus
birmingham
describing
closest
reasonable
permit
remarkable
shall
johnny
predecessor
virtual
mills
teach
depends
challenging
replied
magazines
locked
respected
silent
murphy
frankfurt
vacation
requiring
everywhere
charlotte
mystery
southwestern
warrant
nancy
conducting
algeria
1936
freeze
travelers
strongest
memories
1938
marie
disappointing
anyway
awareness
lopez
rev.
rallied
villagers
therapy
intent
cohen
jon
favored
cocaine
burden
manuel
filing
reflects
distinguished
homeless
arabic
announcing
internationally
lakes
76
indictment
74
integrity
assume
pregnant
boards
sean
embargo
novels
divorce
somewhere
unveiled
similarly
vaccine
hughes
crowds
floods
turnout
fatal
chemicals
powered
kidnapping
revival
liked
footage
select
romanian
fda
musician
cousin
addressing
judiciary
tenure
printed
careful
hell
grain
kent
genetic
smuggling
counted
ted
ports
raises
rogers
130
pressing
drought
tears
sells
rely
immigrant
protocol
exploration
hometown
nixon
indicted
ideal
surged
praise
measured
sequence
confrontation
preparations
surviving
persian
cooper
battery
acid
organizing
legally
random
barred
zoo
farming
farmer
frontier
surprising
existed
refusal
marking
administrator
permitted
admission
constantly
silva
rescued
arnold
stern
exhibit
eagle
plea
frederick
belonged
correspondent
merrill
civic
bullet
hunger
zambia
jordanian
neutral
rumors
interfax
madison
afterward
preventing
negotiators
skating
richardson
rifle
latino
requirement
reject
1929
proven
eddie
danny
1935
murdered
declare
1933
weakness
kenneth
craft
1917
chad
99
breakfast
wallace
ag
dated
mario
investigated
petition
achievements
heating
sanchez
lifestyle
unidentified
slovenia
spin
stationed
eleven
cole
concessions
murders
1934
panama
journalism
bowling
ucla
examine
publicity
submarine
animated
patterns
aging
threaten
budgets
flee
scholar
stevens
awaiting
wounding
segment
solidarity
governmental
televised
scattered
postal
unfair
aviv
reactor
accepting
oliver
ralph
lloyd
quarterly
dust
ounce
k.
mars
overwhelming
supporter
ferguson
posed
flames
responding
twins
herald
1914
harrison
belong
andre
richmond
draws
photographer
hopeful
taxpayers
sorry
nursing
bankers
remainder
venezuelan
eta
columbus
spare
catholics
exciting
endangered
incentives
controlling
campaigning
diesel
bullets
mr
load
favorable
indianapolis
opinions
aspect
neil
symphony
pioneer
sue
lobbying
lobby
broker
pressures
79
scholarship
1927
armored
identification
syndrome
testify
montana
troy
manufactured
communists
mathematics
brilliant
87
lisa
baptist
basin
bennett
prague
odd
occasional
guided
roh
blake
autumn
defendant
shake
hebron
trigger
coat
1921
dakota
spotted
widow
revive
n.
highlights
renowned
leonard
priorities
contractors
bolivia
lone
freshman
plaza
sworn
intends
oriented
linda
suggestions
retiring
1926
vermont
basque
impoverished
mud
chuck
courtroom
damaging
prayers
tribune
teeth
financed
0.2
backup
bristol
policeman
trader
historians
notorious
0.1
thereafter
toxic
recruited
perez
ought
gallon
collision
trick
alberto
i.
illustrated
proceeds
specialists
orbit
checked
disclose
tune
stored
robertson
charging
2.4
leon
rabbi
cigarette
mason
editions
va.
salvador
atop
delaware
worship
greeted
alice
automaker
beliefs
aggression
anchor
conferences
birdie
developer
boosting
lung
1911
bailey
residing
chess
theories
accuses
stamp
harold
1913
nairobi
gangs
reynolds
commodities
helen
santiago
passport
invaded
disclosure
penn
loses
stunning
housed
1908
hart
colleague
highlight
measuring
harvey
mysterious
sectarian
abraham
91
cleaning
relating
jesse
graduating
contracted
1940s
graduation
airplane
freight
heroin
retaliation
justices
tender
dragon
memphis
joan
salmon
shouted
shipped
ruth
embrace
filipino
tragic
physicians
inherited
decorated
implications
shakespeare
ordering
reveals
isolation
totaled
impeachment
altogether
objections
slaves
keys
wholesale
stunned
spencer
wade
preservation
precious
proclaimed
o'neill
holmes
epic
lucas
superintendent
surgeon
nazis
permanently
emotions
1905
iceland
basement
separatists
unusually
courthouse
hungry
deliberately
renaissance
grandson
clouds
spectators
rejection
tass
flowing
cabin
plains
bath
resumption
gospel
deserve
invented
herbert
contend
recreation
panels
1907
honduras
portions
slain
mikhail
fidel
servants
oral
johannesburg
photograph
idaho
stays
norfolk
brady
n.j.
yorkshire
1909
wines
intersection
intervene
walsh
grandchildren
gerald
deer
enacted
extensively
blaze
hardest
contractor
certificate
1904
derek
highs
unanimously
memo
pregnancy
persistent
gunman
scout
armenia
eldest
persuaded
directing
sanders
paraguay
1901
statute
metals
epa
responses
recipient
spark
atrocities
sellers
florence
boxer
viewing
cure
jewelry
undergoing
midway
stealing
seniors
seminar
spends
exporting
pants
ceased
3.2
minded
conclusions
willie
balkans
overturned
tumbled
alpine
warehouse
denying
pa
settling
astronauts
patriotic
sentencing
transported
decent
infant
sergeant
platinum
liberties
effectiveness
garbage
webb
thanksgiving
confessed
magnetic
interrupted
bore
mortgages
jacket
upheld
lover
mafia
drill
amazon
dried
ss
elvis
ryder
allan
incentive
liver
davenport
meyer
cliff
overwhelmingly
intermediate
delighted
diameter
confederate
horizon
benefited
ellen
laos
1898
observe
determining
capitals
seas
metric
explorer
commissions
mir
distribute
eugene
chaired
dumped
wilderness
biden
subcommittee
n.c.
dancer
mccarthy
committing
supposedly
calgary
smiling
memorable
attractions
drawings
relied
pleasant
boots
theology
1890
contests
famed
ferdinand
filmmaker
jackie
evaluate
ambush
exported
cal
sprawling
contaminated
garrison
tyler
25th
mechanics
hayes
stupid
inform
assurances
log
booth
obtaining
edgar
nicaragua
madonna
monarch
1895
favorites
fitzgerald
apologized
valentine
0.8
chung
parole
cooperating
overwhelmed
judged
casualty
defenses
sgt.
750
perth
ambulance
wondering
mass.
institutes
ratified
collar
charities
airing
brink
assassinated
prepares
layers
bend
comedian
campaigned
exhibits
rode
wears
wyoming
classics
monk
restrict
johnston
proving
disappearance
pianist
lecture
wherever
mercy
luther
jessica
beatles
commentator
carnival
reservation
franz
preference
shields
240
1885
commissioners
bypass
salem
1865
bizarre
1892
outlawed
arose
emily
inaugurated
primaries
hunters
buddy
arc
containers
essay
curious
1893
coin
orioles
traffickers
norton
threshold
ballistic
criticizing
denial
songwriter
surfaced
1864
aunt
detonated
madagascar
intercepted
dylan
myth
inducted
louisville
1862
donna
diane
termed
switching
janeiro
unconstitutional
convenience
budapest
misconduct
proves
remind
narcotics
photographers
1863
shipment
implicated
deportation
religions
proximity
accountable
trailed
zimbabwean
dense
jerome
eyed
carr
competitiveness
contends
overlooking
mae
1860
logical
resistant
quinn
boot
drowned
slaying
wreck
moses
1880
rift
specializes
dixon
richter
mice
verify
rebounded
sunset
polar
woo
mortality
bust
escorted
undisclosed
30th
arabian
carson
monroe
whitman
sofia
bunker
tabloid
apollo
shepherd
pinochet
liaison
whales
infectious
mann
insider
1881
proposes
lucy
preston
abduction
cdc
owens
indirect
nightclub
tapped
u.
mediator
homicide
1882
allegation
remark
patents
stuffed
lining
proposing
kemp
poets
baldwin
sniper
prosecute
downed
sara
occupying
embarrassed
contended
insurer
videotape
demolition
lecturer
lonely
thumb
realm
banana
violin
julius
controllers
cowboy
edwin
admitting
playwright
fragments
commemorate
rockefeller
astronaut
gardner
certificates
dedication
presbyterian
laptop
witch
criticize
judy
willis
plymouth
screened
pneumonia
benson
expose
unauthorized
sporadic
obliged
diverted
clara
posing
watts
birthplace
woody
reconsider
confirming
olivier
fancy
circulated
assisting
showers
1800
1872
helms
irving
sculptures
schneider
anton
ramon
mayors
1879
dwight
accomplishments
waco
buildup
vicious
morton
cleanup
spared
charlton
dorothy
1874
chapman
inquiries
appliances
pause
fronts
cried
riverside
repay
24th
barn
annie
1873
650
netted
portray
advertisement
chairwoman
hispanics
dividing
mega
22nd
pill
hats
busiest
matthews
prohibit
145
ernst
bogota
wolfgang
smuggled
tenants
fork
accurately
concluding
maxwell
commandos
caliber
xavier
neglected
seals
disturbed
refined
infants
mccartney
agers
lively
statues
shoots
edison
dismantled
hollow
resting
wipe
countered
abbott
revered
everett
marxist
fargo
assertion
interpreter
exaggerated
gunned
applauded
23rd
analyzed
vampire
motto
constraints
salesman
courtesy
weary
lobbyist
nasser
organizational
lennon
khaled
snyder
dissolution
worcester
angrily
lounge
brighton
injunction
smithsonian
prescribed
unarmed
reckless
dhabi
murdering
pioneering
marvin
omaha
hogan
autopsy
elevator
burger
calvin
amtrak
jennings
jeep
nguyen
resumes
slept
thigh
seventeen
expressway
stairs
fatally
weiss
fertilizer
hee
jill
settler
courtyard
sewage
unpredictable
antarctica
crippled
mich.
psychiatrist
jew
newcomer
warheads
hanson
spilled
compassion
hawkins
holly
100th
obsessed
remedy
va
griffith
tucson
debra
ruby
lowell
1854
blitz
bedford
industrials
competent
moreno
pulse
canvas
spirited
heather
vivid
cuomo
sentiments
provoke
hazard
rigid
hyun
antibiotics
mozart
fannie
commando
parameters
1856
hal
kodak
20s
hindus
ratify
hanged
1858
practitioners
aiding
assaulted
depart
garrett
elias
acceleration
czechoslovakia
stirred
confronting
thatcher
caucuses
wit
eisenhower
prejudice
lime
amusement
randall
epicenter
6.1
121
28th
evaluated
1830
static
belly
attendants
keller
soviets
b.c.
dramas
flank
natives
inventor
polio
forecasters
sizable
deploying
scholarly
hitchcock
centennial
ivy
presley
colt
administrations
cardiac
balloting
geology
bart
mormon
betrayed
salinas
s.c.
flock
chunk
nude
miranda
1847
gephardt
reviving
caesar
forefront
negligence
spielberg
histories
usda
conspiring
safeguards
pascal
nicklaus
126
limbs
convertible
manpower
ballad
bolivian
hid
reacting
1846
robbins
exposition
photographic
encyclopedia
higgins
utmost
relates
outlaw
dreamed
classmates
modes
specifications
mo.
archaeologists
bordered
succeeds
concord
pleading
ignited
giuseppe
000
archaeology
cherokee
doc
graffiti
honolulu
backbone
disadvantage
unveil
evan
notch
doe
alias
elaine
watergate
corpse
nightly
controversies
tripled
sinclair
fritz
conditional
subsidized
boone
motel
7.7
shotgun
westwood
watkins
wolfe
muddy
accumulate
emblem
eradicate
pamela
31st
rip
tenn.
textbook
naacp
lamar
gorbachev
camden
marin
cynthia
coroner
humphrey
slovenian
hoover
insect
ozone
overweight
quincy
kan
shipbuilding
macy
wilmington
conway
pinned
warehouses
gazette
constructing
gould
rash
balcony
dumb
skipped
fouled
precinct
strategists
soybean
upstate
rowland
tentatively
babe
greenland
beethoven
honduran
toshiba
woke
invoked
magistrates
mushrooms
pistols
cruising
testifying
30s
152
congregations
dictate
drifted
hubert
1843
mailing
strongman
forgot
excuses
loudly
organising
antiquities
peggy
adolescent
assassinations
mclean
enraged
denise
alfredo
underdog
hsu
georg
amphibious
70s
auditor
insured
80s
likened
assassin
kan.
j.d.
tackled
fao
carrie
ala.
blonde
tirana
repercussions
moslems
34th
rutherford
vee
magnate
prostitute
paddy
alicia
booster
60s
remembering
extraordinarily
fema
distorted
1831
abrams
lyndon
1833
myths
pesticides
labeling
walkout
iris
jr
bengali
denny
robberies
slayings
brenda
warden
salisbury
springsteen
psychologists
expeditionary
soured
inflammatory
wed
insulin
rockwell
misuse
methane
191
brutally
simmering
supremacy
poe
cobra
crowe
detector
parades
immigrated
reprinted
cakes
aegean
motorcade
quentin
aeronautics
flair
brock
retaliatory
duffy
dominic
minsk
marital
notoriety
pontiac
groom
midwestern
repatriated
ochoa
40s
enroll
blizzard
mixes
discriminatory
engagements
mosaic
snapping
'50s
50s
leroy
375
psychic
disclosures
murderers
clifton
choreographer
dickinson
militarily
botha
cathy
malibu
38th
retailing
teamsters
morrow
proton
lorraine
transplants
dade
poisonous
injections
cody
cured
oswald
tae
evelyn
1818
perpetual
viewpoint
willow
nicaraguan
transatlantic
carlson
absentia
greenville
tailor
eduard
trendy
remorse
brigham
1801
horseback
ky.
racketeering
cordial
fest
getty
amherst
naturalization
gainesville
impartial
peas
sunglasses
dickson
guadalajara
lapd
headway
sleepy
laguna
ranchers
'n
wiping
cozy
disgust
slums
draining
starving
capsized
1809
knoxville
safari
1822
doherty
nobles
biographical
contra
1817
recaptured
lange
enhancement
capitalized
gras
1793
bullion
anarchist
len
stokes
seaman
canceling
lore
1805
perched
flagging
authoritative
limerick
burglary
wept
minn.
allocate
andes
sweater
porcelain
regulates
trait
unpublished
1804
renounced
1790
assassins
scarf
mitsui
crusader
emigration
beaumont
payload
enjoyable
gunpoint
loyola
conspired
196
tremor
navajo
bombarded
burnley
dwindled
eastman
issuance
pereira
domino
208
onetime
choreographed
miss.
cassidy
annals
motif
ailment
prolong
patti
taxable
undisputed
ridiculed
industrialist
afflicted
popcorn
extravagant
accessory
defer
reinstate
shack
breaching
fats
lettuce
miriam
impromptu
marat
untrue
mckinley
ore.
paycheck
phyllis
homegrown
anonymously
adept
antibodies
jfk
oakley
vasquez
akron
reptiles
vitamins
everglades
concurrent
wilkes
unhealthy
raiding
frontal
preferably
terence
massey
autograph
n.m.
1791
nunn
poaching
garfield
dispel
y.
robe
fonda
214
obscurity
touting
willard
embarrass
bradshaw
salvadoran
revolver
janice
vernacular
betsy
229
mudslides
perch
ono
tahoe
47th
funky
plucked
allergy
linden
chlorine
bartholomew
dorsey
invoke
claw
catfish
vigor
scully
greats
compliment
bitten
exhaustive
woodrow
1783
jae
dracula
meteorologist
3m
spoil
vt.
aviator
chopper
whitehead
skulls
reeve
peretz
quayle
handcuffs
thurmond
martini
misgivings
naturalist
cmdr.
62nd
thirst
evangelist
precedence
capsules
pont
r.i.
cemented
frigates
duane
shorten
gillian
babbitt
wellesley
eurotunnel
bosch
parochial
okla.
spawn
apostle
powdered
manifold
eurostat
j.j.
hussey
nervousness
dashing
reiterating
terrence
schindler
restricts
noriega
penitentiary
tex
jeeps
ulysses
jimmie
registrar
1784
cpl.
clair
overlooks
580
680
blooms
shay
firmed
walden
mardi
cornered
1782
jamestown
dearborn
ind
gia
blum
basing
mendes
fundamentalism
fremantle
obstruct
rancher
mourned
gaping
traumatized
tanya
reared
illustrating
farley
monthlong
dagger
wasteful
kanu
1785
grudge
levitt
chatted
del.
alves
tammy
edouard
s.d.
erskine
attaining
duluth
sneaked
1.16
nantucket
rotting
conservationists
gall
skyrocketed
gorman
scrolls
angie
goldwater
packwood
painstaking
electrician
canning
durability
lubbock
myrtle
dukakis
belgians
sane
visitation
lourdes
raoul
presse
revere
patsy
stalks
thunderstorm
weil
jargon
sic
pathologist
dickey
marxism
rankin
embodies
delaney
lucille
pea
trance
16.8
tenets
nosed
arcadia
irishman
laborer
megawatt
lingerie
17.4
zachary
wallis
ala
bloomington
bette
fourths
boredom
ascribed
calif
misstated
.22
branching
exhumed
kearney
conqueror
ginsberg
meade
crocodiles
rabies
huey
hardin
bureaucrat
heston
tweed
roswell
narcotic
diabetic
flirting
rhinos
christened
stationery
seeker
ballantine
millard
gershwin
eagerness
coolidge
showings
languished
desegregation
danforth
poachers
costner
rodent
mcewen
depository
councilors
livermore
phoebe
r.j.
bustamante
worthington
tranquility
aggravate
stipe
wiener
shatter
lindbergh
antoinette
trafficked
306
khaki
elan
mailbox
globo
westport
espoused
hinckley
dueling
coen
mortally
plow
parkland
1758
southland
trafficker
unleaded
stumped
airman
lobe
markham
esposito
arco
gallows
strom
acknowledgement
revolved
deere
karlsson
disregarded
buffeted
amphitheater
mitigating
shenandoah
yoko
pizarro
gatwick
contraceptives
deceit
resists
managua
465
squire
bluffs
blacked
adamson
ranching
enquirer
balboa
therese
.38
1767
supremacist
plagiarism
primacy
sadistic
amadeus
assuage
hearn
geophysical
fraudulently
absorbs
englewood
samaritan
pathological
hovers
avocado
rutland
gingerly
conclusively
presidium
whining
0.95
groupe
conspirator
madam
danville
0.90
cargill
modesto
seduction
idled
n.d.
vogt
doubly
westmoreland
matta
buttocks
buren
affirms
decipher
mulroney
whittle
loner
rachael
intercepting
pms
sobbed
lehrer
deranged
fillmore
unjustly
staunton
loma
montclair
1751
makoto
probate
batavia
1752
beatle
loftus
125th
hensley
loggers
niles
uni
wick
bandleader
hayley
elmore
headless
atwater
zhengzhou
1735
omni
lyrically
sorghum
lorenz
gallardo
pta
vt
nic
archduke
stuyvesant
devoured
coeur
denison
cuevas
electrocuted
lemmon
withered
folksy
pravda
stocky
enforceable
prefabricated
holley
sill
hutt
rosetta
bakker
garber
azt
kyu
1732
abduct
reuter
abundantly
copland
herschel
squeaky
inf
brat
midler
thoreau
crescendo
assassinating
brutus
mccord
flax
ferc
nozzle
denunciations
inadmissible
sikorski
mchenry
hemlock
hunch
appalachians
sullen
marksman
caged
appel
raunchy
colton
tyrants
attica
brookfield
rcn
rath
testimonials
aalborg
seared
genitalia
1602
berated
pediatricians
mudd
shultz
heckled
pinky
reams
lynette
humorist
ridgway
durante
infamy
mothballed
francaise
psychotherapist
allegro
cliburn
sandinistas
cftc
soledad
vincennes
newsman
hollander
cassius
bicameral
gillies
dakotas
promiscuous
sissy
anselm
wpa
undetectable
coverup
subtract
spacek
biaggi
resurrecting
emiliano
southerner
tex.
473
marymount
beryl
clandestinely
mich
heave
mcalister
collages
36.6
lifelike
mellor
defensor
necked
colonize
cavaco
larue
leotard
heckler
muirfield
abalone
fryer
risley
contaminating
minot
tupelo
alva
aldrin
newscaster
abernathy
boren
salk
whiskers
nutt
dismantlement
inoculation
somoza
cobbler
kristy
starbuck
macneil
thurgood
lamine
preempt
martinelli
meena
pasts
stratospheric
waldheim
invincibility
bishara
connally
jailers
1533
lasker
belli
nationhood
haughey
tolbert
kenosha
winans
appomattox
haystack
familiarize
dardanelles
quickening
vento
belligerents
deciphering
waterville
sheehy
heterosexuals
centerville
neva
janie
remorseful
bta
hollows
art.
larouche
winkle
828
cavalcade
gynecologists
debunk
whaler
desiree
supremacists
selleck
convulsed
w.c.
858
gusher
dmv
attesting
hutson
schlossberg
straitjacket
previn
remembrances
leaching
822
tenn
noontime
jolson
hatter
cybill
valens
cfcs
retorts
glasnost
herrington
durres
eec
894
steagall
incisors
yuppies
sauk
welk
whiter
hippopotamus
vom
doesn
kleber
semper
bokassa
yount
jabbed
munn
mamdouh
stennis
charron
ampara
lenten
mondragon
ionizing
sandhu
zoot
cermak
stroessner
hawked
solti
ajmer
lehi
kingstown
manse
gibran
sirhan
linh
okla
scoundrel
u.s.s.r.
rigoberto
carryover
didn
dissents
loewe
rickenbacker
rost
resubmit
hamadi
isn
moyne
airmail
polyvinyl
bladders
twosome
reasoner
neb
misperceptions
brushy
grapevines
conservatorship
bolles
alamitos
incan
mecham
ratcliff
ides
minn
winfried
holdups
tidwell
treasonous
moliere
deforest
vaal
lackland
humphry
pocatello
regaled
floe
leos
masaryk
supt.
flushes
darke
suffragist
carlucci
dealey
expunge
eviscerated
clarksdale
nestling
majestically
despondency
summerhill
christoffer
inheritor
eberhardt
demeaned
rosenheim
elbasan
fitzwater
annas
jemison
uncountable
atahualpa
heimlich
jace
rosemond
burchard
thereabouts
collet
ehrlichman
bopper
markman
sterns
pounders
biblically
hadary
tawana
tillotson
mephistopheles
miike
telekinetic
r.n.
giancana
surratt
hodel
croons
placerville
alcor
maritza
janacek
cur
millikan
revilla
corday
hibbing
exner
pushkar
fromme
activites
jonker
dugald
shands
eula
hobos
morgenpost
tmi
gelli
marfan
kafue
adn
dixville
megabucks
geauga
nello
folke
comedie
swaggart
kinderhook
kulm
wasn
cruzan
campbellsville
sevres
tues
voto
mamula
shibley
semipalatinsk
toxicologists
viroj
swasey
allgood
guiteau
katrine
bogardus
princip
shiftless
rathje
leavin
pelee
belin
rimer
tuscumbia
hateley
junejo
spindletop
cannibalization
winterset
czolgosz
gavrilo
fischl
nsukka
pneumocystis
winfred
germann
rouch
schoolbook
gosnold
debo
freedberg
couldn
edell
cocom
darci
lrb
buckey
jennette
kyohei
esler
lordy
wijesinghe
45.45
tippit
detroiter
shkoder
knbr
sevareid
linzi
andric
lhote
eep
colorization
wouldn
lyubimov
briz
cupido
prances
rentz
taimyr
delvalle
n.c
10d
sovetsky
zangara
lcb
mofford
modder
banyumas
jenufa
grynszpan
yeutter
carinii
markowski
umeh
said.
iii.
adderly
waxhaw
nudelman
hodgenville
velva
anencephalic
bookout
trimethoprim
in.
marketings
sanza
szeryng
ketter
forsgren
florida.
standardbearer
ruddell
swindall
weerts
borovets
lemasters
veno
embakasi
states.
darly
kagay
rrb
oologah
wkys
lattie
wladislaw
demoratic
sulfamethoxazole
